[www.tunawezatz.org/index.html]
[backblue.gif]
[fade.gif]
[index.html]
[www.tunawezatz.org/style.css]
[www.tunawezatz.org/style.responsive.css]
[www.tunawezatz.org/jquery.js]
[www.tunawezatz.org/script.js]
[www.tunawezatz.org/script.responsive.js]
[www.tunawezatz.org/images/slidejengo0.jpg]
[www.tunawezatz.org/images/slidejengo1.jpg]
[www.tunawezatz.org/images/slidejengo2.jpg]
[www.tunawezatz.org/images/slidejengo3.jpg]
[www.tunawezatz.org/images/slidejengo4.jpg]
[www.tunawezatz.org/images/slidejengo5.jpg]
[www.tunawezatz.org/images/slidejengo6.jpg]
[www.tunawezatz.org/images/slidejengo7.jpg]
[www.tunawezatz.org/images/slidejengo8.jpg]
[www.tunawezatz.org/images/slidejengo9.jpg]
[www.tunawezatz.org/images/slidejengo10.jpg]
[www.tunawezatz.org/home.html]
[www.tunawezatz.org/about-us.html]
[www.tunawezatz.org/news/newsletter.html]
[www.tunawezatz.org/news/events.html]
[www.tunawezatz.org/news/reports.html]
[www.tunawezatz.org/partiners/local-cooperation.html]
[www.tunawezatz.org/partiners/international-cooperation.html]
[www.tunawezatz.org/contacts.html]
[www.tunawezatz.org/donation-and-support.html]
[www.tunawezatz.org/shop.html]
[www.tunawezatz.org/volunteerism.html]
[www.tunawezatz.org/images/intro.jpg]
[www.tunawezatz.org/images/batic.jpg]
[www.tunawezatz.org/images/sewing.jpg]
[www.tunawezatz.org/images/boardmeeting.jpg]
[www.tunawezatz.org/images/ecological.jpg]
[www.tunawezatz.org/images/domestic.jpg]
[www.tunawezatz.org/images/paperworkshop.jpg]
[www.tunawezatz.org/images/jewerlymanufacturing.jpg]
[www.tunawezatz.org/images/sociallife.jpg]
[www.tunawezatz.org/images/facebook.png]
[www.tunawezatz.org/images/Webmail-app.png]
[www.tunawezatz.org/index.html]
[www.tunawezatz.org/images/pageglare.png]
[www.tunawezatz.org/images/object824711379.png]
[www.tunawezatz.org/images/header.png]
[www.tunawezatz.org/images/menuseparator.png]
[www.tunawezatz.org/images/spacer.gif]
[www.tunawezatz.org/images/blockheadericon.png]
[www.tunawezatz.org/images/blockbullets.png]
[www.tunawezatz.org/images/searchicon.png]
[www.tunawezatz.org/images/postdateicon.png]
[www.tunawezatz.org/images/postauthoricon.png]
[www.tunawezatz.org/images/postpdficon.png]
[www.tunawezatz.org/images/postprinticon.png]
[www.tunawezatz.org/images/postemailicon.png]
[www.tunawezatz.org/images/postediticon.png]
[www.tunawezatz.org/images/postbullets.png]
[www.tunawezatz.org/images/postquote.png]
[www.tunawezatz.org/images/footerrssicon.png]
[www.tunawezatz.org/images/footerfacebookicon.png]
[www.tunawezatz.org/images/footertwittericon.png]
[www.tunawezatz.org/images/preloader-01.gif]
[www.tunawezatz.org/style.css]
[www.tunawezatz.org/style.responsive.css]
[www.tunawezatz.org/jquery.js]
[www.tunawezatz.org/script.js]
[www.tunawezatz.org/script.responsive.js]
[www.tunawezatz.org/home.html]
[www.tunawezatz.org/images/jengo.jpg]
[www.tunawezatz.org/images/P1080810-2.jpg]
[www.tunawezatz.org/about-us.html]
[www.tunawezatz.org/news/newsletter/newsletter.pdf]
[www.tunawezatz.org/news/newsletter.html]
[www.tunawezatz.org/images/P1080810.jpg]
[www.tunawezatz.org/images/jengo-2.jpg]
[www.tunawezatz.org/news/events.html]
[www.tunawezatz.org/news/reports.html]
[www.tunawezatz.org/images/loc1.jpg]
[www.tunawezatz.org/images/loc2.jpg]
[www.tunawezatz.org/images/loc3.jpg]
[www.tunawezatz.org/partiners/local-cooperation.html]
[www.tunawezatz.org/images/int1.jpg]
[www.tunawezatz.org/images/int2.jpg]
[www.tunawezatz.org/images/int3.jpg]
[www.tunawezatz.org/partiners/international-cooperation.html]
[www.tunawezatz.org/contacts.html]
[www.tunawezatz.org/images/boardmeeting-2.jpg]
[www.tunawezatz.org/images/don1.jpg]
[www.tunawezatz.org/images/don2.jpg]
[www.tunawezatz.org/donation-and-support.html]
[www.tunawezatz.org/images/shop1.jpg]
[www.tunawezatz.org/images/shop2.jpg]
[www.tunawezatz.org/images/shop3.jpg]
[www.tunawezatz.org/shop.html]
[www.tunawezatz.org/images/vol1.jpg]
[www.tunawezatz.org/images/vol2.jpg]
[www.tunawezatz.org/registrationform/registration.html]
[www.tunawezatz.org/volunteerism.html]
[maxcdn.bootstrapcdn.com/bootstrap/3.3.7/css/bootstrap.min.css]
[maxcdn.bootstrapcdn.com/bootstrap/3.3.7/css/bootstrap-theme.min.css]
[ajax.googleapis.com/ajax/libs/jquery/1.12.4/jquery.min.js]
[www.tunawezatz.org/registrationform/form.css]
[www.tunawezatz.org/registrationform/form.js]
[www.tunawezatz.org/registrationform/registration.html]
[maxcdn.bootstrapcdn.com/bootstrap/3.3.7/css/bootstrap.min.css]
[maxcdn.bootstrapcdn.com/bootstrap/3.3.7/css/bootstrap-theme.min.css]
[www.tunawezatz.org/registrationform/images/jurassic-coast-1406284_1920.jpg]
[www.tunawezatz.org/registrationform/form.css]
[www.tunawezatz.org/registrationform/form.js]
